/home/nhatnc129/nhat.nc/jepa-research/diagnosis/external/stable-worldmodel/stable_worldmodel/envs/__init__.py:215: UserWarning: ale-py not found; ALE/* envs are unavailable. Install with: pip install 'stable-worldmodel[env]' or pip install ale-py.
  from stable_worldmodel.envs import ale  # noqa: F401
[2026-08-28 11:33:47,245][OpenGL.acceleratesupport][INFO] - No OpenGL_accelerate module loaded: No module named 'OpenGL_accelerate'
[2026-08-28 11:33:47,429][absl][INFO] - MUJOCO_GL=egl, attempting to import specified OpenGL backend.
libEGL warning: failed to open /dev/dri/renderD135: Permission denied

libEGL warning: failed to open /dev/dri/card8: Permission denied

libEGL warning: failed to open /dev/dri/renderD134: Permission denied

libEGL warning: failed to open /dev/dri/card7: Permission denied

libEGL warning: failed to open /dev/dri/renderD133: Permission denied

libEGL warning: failed to open /dev/dri/card6: Permission denied

libEGL warning: failed to open /dev/dri/renderD132: Permission denied

libEGL warning: failed to open /dev/dri/card5: Permission denied

libEGL warning: failed to open /dev/dri/renderD131: Permission denied

libEGL warning: failed to open /dev/dri/card4: Permission denied

libEGL warning: failed to open /dev/dri/renderD130: Permission denied

libEGL warning: failed to open /dev/dri/card3: Permission denied

libEGL warning: failed to open /dev/dri/renderD129: Permission denied

libEGL warning: failed to open /dev/dri/card2: Permission denied

libEGL warning: failed to open /dev/dri/renderD128: Permission denied

libEGL warning: failed to open /dev/dri/card1: Permission denied

[2026-08-28 11:33:47,465][absl][INFO] - MuJoCo library version is: 3.11.0
/mnt/data/nhatnc129/jepa/lewm_stage0/.venv/lib/python3.10/site-packages/gymnasium/envs/registration.py:729: UserWarning: [33mWARN: The environment is being initialised with render_mode='rgb_array' that is not in the possible render_modes ([]).[0m
  logger.warn(
/mnt/data/nhatnc129/jepa/lewm_stage0/.venv/lib/python3.10/site-packages/gymnasium/spaces/box.py:231: UserWarning: [33mWARN: Box low's precision lowered by casting to float32, current low.dtype=float64[0m
  gym.logger.warn(
/mnt/data/nhatnc129/jepa/lewm_stage0/.venv/lib/python3.10/site-packages/gymnasium/spaces/box.py:297: UserWarning: [33mWARN: Box high's precision lowered by casting to float32, current high.dtype=float64[0m
  gym.logger.warn(
/mnt/data/nhatnc129/jepa/lewm_stage0/.venv/lib/python3.10/site-packages/gymnasium/spaces/box.py:415: UserWarning: [33mWARN: Casting input x to numpy array.[0m
  gym.logger.warn("Casting input x to numpy array.")
11:34:20 | INFO  | atomic_chec~| [atomic_save] installed crash-safe checkpoint plugin (write to sibling .tmp + fsync + atomic rename)
[2026-08-28 11:34:22,557][root][INFO] - Cached 'action' from '/mnt/data/nhatnc129/jepa/lewm_stage0/datasets/ogbench/cube_single_expert.h5'
11:34:24 | INFO  | utils.py    | Loading checkpoint from folder /mnt/data/nhatnc129/jepa/lewm_stage0/checkpoints/acm_original...
11:34:24 | INFO  | utils.py    | Created ViT-tiny from scratch with config: {'hidden_size': 192, 'num_hidden_layers': 12, 'num_attention_heads': 3, 'intermediate_size': 768, 'image_size': 224, 'patch_size': 14}
/mnt/data/nhatnc129/jepa/lewm_stage0/.venv/lib/python3.10/site-packages/gymnasium/spaces/box.py:415: UserWarning: [33mWARN: Casting input x to numpy array.[0m
  gym.logger.warn("Casting input x to numpy array.")
/mnt/data/nhatnc129/jepa/lewm_stage0/.venv/lib/python3.10/site-packages/gymnasium/spaces/box.py:231: UserWarning: [33mWARN: Box low's precision lowered by casting to float32, current low.dtype=float64[0m
  gym.logger.warn(
/mnt/data/nhatnc129/jepa/lewm_stage0/.venv/lib/python3.10/site-packages/gymnasium/spaces/box.py:297: UserWarning: [33mWARN: Box high's precision lowered by casting to float32, current high.dtype=float64[0m
  gym.logger.warn(
libEGL warning: failed to open /dev/dri/renderD135: Permission denied

libEGL warning: failed to open /dev/dri/card8: Permission denied

libEGL warning: failed to open /dev/dri/renderD134: Permission denied

libEGL warning: failed to open /dev/dri/card7: Permission denied

libEGL warning: failed to open /dev/dri/renderD133: Permission denied

libEGL warning: failed to open /dev/dri/card6: Permission denied

libEGL warning: failed to open /dev/dri/renderD132: Permission denied

libEGL warning: failed to open /dev/dri/card5: Permission denied

libEGL warning: failed to open /dev/dri/renderD131: Permission denied

libEGL warning: failed to open /dev/dri/card4: Permission denied

libEGL warning: failed to open /dev/dri/renderD130: Permission denied

libEGL warning: failed to open /dev/dri/card3: Permission denied

libEGL warning: failed to open /dev/dri/renderD129: Permission denied

libEGL warning: failed to open /dev/dri/card2: Permission denied

libEGL warning: failed to open /dev/dri/renderD128: Permission denied

libEGL warning: failed to open /dev/dri/card1: Permission denied

/mnt/data/nhatnc129/jepa/lewm_stage0/.venv/lib/python3.10/site-packages/gymnasium/spaces/box.py:231: UserWarning: [33mWARN: Box low's precision lowered by casting to float32, current low.dtype=float64[0m
  gym.logger.warn(
/mnt/data/nhatnc129/jepa/lewm_stage0/.venv/lib/python3.10/site-packages/gymnasium/spaces/box.py:297: UserWarning: [33mWARN: Box high's precision lowered by casting to float32, current high.dtype=float64[0m
  gym.logger.warn(
/mnt/data/nhatnc129/jepa/lewm_stage0/.venv/lib/python3.10/site-packages/gymnasium/spaces/box.py:231: UserWarning: [33mWARN: Box low's precision lowered by casting to float32, current low.dtype=float64[0m
  gym.logger.warn(
/mnt/data/nhatnc129/jepa/lewm_stage0/.venv/lib/python3.10/site-packages/gymnasium/spaces/box.py:297: UserWarning: [33mWARN: Box high's precision lowered by casting to float32, current high.dtype=float64[0m
  gym.logger.warn(
/mnt/data/nhatnc129/jepa/lewm_stage0/.venv/lib/python3.10/site-packages/gymnasium/spaces/box.py:231: UserWarning: [33mWARN: Box low's precision lowered by casting to float32, current low.dtype=float64[0m
  gym.logger.warn(
/mnt/data/nhatnc129/jepa/lewm_stage0/.venv/lib/python3.10/site-packages/gymnasium/spaces/box.py:297: UserWarning: [33mWARN: Box high's precision lowered by casting to float32, current high.dtype=float64[0m
  gym.logger.warn(
/mnt/data/nhatnc129/jepa/lewm_stage0/.venv/lib/python3.10/site-packages/gymnasium/spaces/box.py:231: UserWarning: [33mWARN: Box low's precision lowered by casting to float32, current low.dtype=float64[0m
  gym.logger.warn(
/mnt/data/nhatnc129/jepa/lewm_stage0/.venv/lib/python3.10/site-packages/gymnasium/spaces/box.py:297: UserWarning: [33mWARN: Box high's precision lowered by casting to float32, current high.dtype=float64[0m
  gym.logger.warn(
/mnt/data/nhatnc129/jepa/lewm_stage0/.venv/lib/python3.10/site-packages/gymnasium/spaces/box.py:231: UserWarning: [33mWARN: Box low's precision lowered by casting to float32, current low.dtype=float64[0m
  gym.logger.warn(
/mnt/data/nhatnc129/jepa/lewm_stage0/.venv/lib/python3.10/site-packages/gymnasium/spaces/box.py:297: UserWarning: [33mWARN: Box high's precision lowered by casting to float32, current high.dtype=float64[0m
  gym.logger.warn(
/mnt/data/nhatnc129/jepa/lewm_stage0/.venv/lib/python3.10/site-packages/gymnasium/spaces/box.py:231: UserWarning: [33mWARN: Box low's precision lowered by casting to float32, current low.dtype=float64[0m
  gym.logger.warn(
/mnt/data/nhatnc129/jepa/lewm_stage0/.venv/lib/python3.10/site-packages/gymnasium/spaces/box.py:297: UserWarning: [33mWARN: Box high's precision lowered by casting to float32, current high.dtype=float64[0m
  gym.logger.warn(
/mnt/data/nhatnc129/jepa/lewm_stage0/.venv/lib/python3.10/site-packages/gymnasium/spaces/box.py:231: UserWarning: [33mWARN: Box low's precision lowered by casting to float32, current low.dtype=float64[0m
  gym.logger.warn(
/mnt/data/nhatnc129/jepa/lewm_stage0/.venv/lib/python3.10/site-packages/gymnasium/spaces/box.py:297: UserWarning: [33mWARN: Box high's precision lowered by casting to float32, current high.dtype=float64[0m
  gym.logger.warn(
/mnt/data/nhatnc129/jepa/lewm_stage0/.venv/lib/python3.10/site-packages/gymnasium/spaces/box.py:231: UserWarning: [33mWARN: Box low's precision lowered by casting to float32, current low.dtype=float64[0m
  gym.logger.warn(
/mnt/data/nhatnc129/jepa/lewm_stage0/.venv/lib/python3.10/site-packages/gymnasium/spaces/box.py:297: UserWarning: [33mWARN: Box high's precision lowered by casting to float32, current high.dtype=float64[0m
  gym.logger.warn(
/mnt/data/nhatnc129/jepa/lewm_stage0/.venv/lib/python3.10/site-packages/gymnasium/spaces/box.py:231: UserWarning: [33mWARN: Box low's precision lowered by casting to float32, current low.dtype=float64[0m
  gym.logger.warn(
/mnt/data/nhatnc129/jepa/lewm_stage0/.venv/lib/python3.10/site-packages/gymnasium/spaces/box.py:297: UserWarning: [33mWARN: Box high's precision lowered by casting to float32, current high.dtype=float64[0m
  gym.logger.warn(
/mnt/data/nhatnc129/jepa/lewm_stage0/.venv/lib/python3.10/site-packages/gymnasium/spaces/box.py:231: UserWarning: [33mWARN: Box low's precision lowered by casting to float32, current low.dtype=float64[0m
  gym.logger.warn(
/mnt/data/nhatnc129/jepa/lewm_stage0/.venv/lib/python3.10/site-packages/gymnasium/spaces/box.py:297: UserWarning: [33mWARN: Box high's precision lowered by casting to float32, current high.dtype=float64[0m
  gym.logger.warn(
/mnt/data/nhatnc129/jepa/lewm_stage0/.venv/lib/python3.10/site-packages/gymnasium/spaces/box.py:231: UserWarning: [33mWARN: Box low's precision lowered by casting to float32, current low.dtype=float64[0m
  gym.logger.warn(
/mnt/data/nhatnc129/jepa/lewm_stage0/.venv/lib/python3.10/site-packages/gymnasium/spaces/box.py:297: UserWarning: [33mWARN: Box high's precision lowered by casting to float32, current high.dtype=float64[0m
  gym.logger.warn(
/mnt/data/nhatnc129/jepa/lewm_stage0/.venv/lib/python3.10/site-packages/gymnasium/spaces/box.py:231: UserWarning: [33mWARN: Box low's precision lowered by casting to float32, current low.dtype=float64[0m
  gym.logger.warn(
/mnt/data/nhatnc129/jepa/lewm_stage0/.venv/lib/python3.10/site-packages/gymnasium/spaces/box.py:297: UserWarning: [33mWARN: Box high's precision lowered by casting to float32, current high.dtype=float64[0m
  gym.logger.warn(
/mnt/data/nhatnc129/jepa/lewm_stage0/.venv/lib/python3.10/site-packages/gymnasium/spaces/box.py:231: UserWarning: [33mWARN: Box low's precision lowered by casting to float32, current low.dtype=float64[0m
  gym.logger.warn(
/mnt/data/nhatnc129/jepa/lewm_stage0/.venv/lib/python3.10/site-packages/gymnasium/spaces/box.py:297: UserWarning: [33mWARN: Box high's precision lowered by casting to float32, current high.dtype=float64[0m
  gym.logger.warn(
/mnt/data/nhatnc129/jepa/lewm_stage0/.venv/lib/python3.10/site-packages/gymnasium/spaces/box.py:231: UserWarning: [33mWARN: Box low's precision lowered by casting to float32, current low.dtype=float64[0m
  gym.logger.warn(
/mnt/data/nhatnc129/jepa/lewm_stage0/.venv/lib/python3.10/site-packages/gymnasium/spaces/box.py:297: UserWarning: [33mWARN: Box high's precision lowered by casting to float32, current high.dtype=float64[0m
  gym.logger.warn(
/mnt/data/nhatnc129/jepa/lewm_stage0/.venv/lib/python3.10/site-packages/gymnasium/spaces/box.py:231: UserWarning: [33mWARN: Box low's precision lowered by casting to float32, current low.dtype=float64[0m
  gym.logger.warn(
/mnt/data/nhatnc129/jepa/lewm_stage0/.venv/lib/python3.10/site-packages/gymnasium/spaces/box.py:297: UserWarning: [33mWARN: Box high's precision lowered by casting to float32, current high.dtype=float64[0m
  gym.logger.warn(
/mnt/data/nhatnc129/jepa/lewm_stage0/.venv/lib/python3.10/site-packages/gymnasium/spaces/box.py:231: UserWarning: [33mWARN: Box low's precision lowered by casting to float32, current low.dtype=float64[0m
  gym.logger.warn(
/mnt/data/nhatnc129/jepa/lewm_stage0/.venv/lib/python3.10/site-packages/gymnasium/spaces/box.py:297: UserWarning: [33mWARN: Box high's precision lowered by casting to float32, current high.dtype=float64[0m
  gym.logger.warn(
/mnt/data/nhatnc129/jepa/lewm_stage0/.venv/lib/python3.10/site-packages/gymnasium/spaces/box.py:231: UserWarning: [33mWARN: Box low's precision lowered by casting to float32, current low.dtype=float64[0m
  gym.logger.warn(
/mnt/data/nhatnc129/jepa/lewm_stage0/.venv/lib/python3.10/site-packages/gymnasium/spaces/box.py:297: UserWarning: [33mWARN: Box high's precision lowered by casting to float32, current high.dtype=float64[0m
  gym.logger.warn(
/mnt/data/nhatnc129/jepa/lewm_stage0/.venv/lib/python3.10/site-packages/gymnasium/spaces/box.py:231: UserWarning: [33mWARN: Box low's precision lowered by casting to float32, current low.dtype=float64[0m
  gym.logger.warn(
/mnt/data/nhatnc129/jepa/lewm_stage0/.venv/lib/python3.10/site-packages/gymnasium/spaces/box.py:297: UserWarning: [33mWARN: Box high's precision lowered by casting to float32, current high.dtype=float64[0m
  gym.logger.warn(
/mnt/data/nhatnc129/jepa/lewm_stage0/.venv/lib/python3.10/site-packages/gymnasium/spaces/box.py:231: UserWarning: [33mWARN: Box low's precision lowered by casting to float32, current low.dtype=float64[0m
  gym.logger.warn(
/mnt/data/nhatnc129/jepa/lewm_stage0/.venv/lib/python3.10/site-packages/gymnasium/spaces/box.py:297: UserWarning: [33mWARN: Box high's precision lowered by casting to float32, current high.dtype=float64[0m
  gym.logger.warn(
/mnt/data/nhatnc129/jepa/lewm_stage0/.venv/lib/python3.10/site-packages/gymnasium/spaces/box.py:231: UserWarning: [33mWARN: Box low's precision lowered by casting to float32, current low.dtype=float64[0m
  gym.logger.warn(
/mnt/data/nhatnc129/jepa/lewm_stage0/.venv/lib/python3.10/site-packages/gymnasium/spaces/box.py:297: UserWarning: [33mWARN: Box high's precision lowered by casting to float32, current high.dtype=float64[0m
  gym.logger.warn(
/mnt/data/nhatnc129/jepa/lewm_stage0/.venv/lib/python3.10/site-packages/gymnasium/spaces/box.py:231: UserWarning: [33mWARN: Box low's precision lowered by casting to float32, current low.dtype=float64[0m
  gym.logger.warn(
/mnt/data/nhatnc129/jepa/lewm_stage0/.venv/lib/python3.10/site-packages/gymnasium/spaces/box.py:297: UserWarning: [33mWARN: Box high's precision lowered by casting to float32, current high.dtype=float64[0m
  gym.logger.warn(
/mnt/data/nhatnc129/jepa/lewm_stage0/.venv/lib/python3.10/site-packages/gymnasium/spaces/box.py:231: UserWarning: [33mWARN: Box low's precision lowered by casting to float32, current low.dtype=float64[0m
  gym.logger.warn(
/mnt/data/nhatnc129/jepa/lewm_stage0/.venv/lib/python3.10/site-packages/gymnasium/spaces/box.py:297: UserWarning: [33mWARN: Box high's precision lowered by casting to float32, current high.dtype=float64[0m
  gym.logger.warn(
/mnt/data/nhatnc129/jepa/lewm_stage0/.venv/lib/python3.10/site-packages/gymnasium/spaces/box.py:231: UserWarning: [33mWARN: Box low's precision lowered by casting to float32, current low.dtype=float64[0m
  gym.logger.warn(
/mnt/data/nhatnc129/jepa/lewm_stage0/.venv/lib/python3.10/site-packages/gymnasium/spaces/box.py:297: UserWarning: [33mWARN: Box high's precision lowered by casting to float32, current high.dtype=float64[0m
  gym.logger.warn(
/mnt/data/nhatnc129/jepa/lewm_stage0/.venv/lib/python3.10/site-packages/gymnasium/spaces/box.py:231: UserWarning: [33mWARN: Box low's precision lowered by casting to float32, current low.dtype=float64[0m
  gym.logger.warn(
/mnt/data/nhatnc129/jepa/lewm_stage0/.venv/lib/python3.10/site-packages/gymnasium/spaces/box.py:297: UserWarning: [33mWARN: Box high's precision lowered by casting to float32, current high.dtype=float64[0m
  gym.logger.warn(
/mnt/data/nhatnc129/jepa/lewm_stage0/.venv/lib/python3.10/site-packages/gymnasium/spaces/box.py:231: UserWarning: [33mWARN: Box low's precision lowered by casting to float32, current low.dtype=float64[0m
  gym.logger.warn(
/mnt/data/nhatnc129/jepa/lewm_stage0/.venv/lib/python3.10/site-packages/gymnasium/spaces/box.py:297: UserWarning: [33mWARN: Box high's precision lowered by casting to float32, current high.dtype=float64[0m
  gym.logger.warn(
/mnt/data/nhatnc129/jepa/lewm_stage0/.venv/lib/python3.10/site-packages/gymnasium/spaces/box.py:231: UserWarning: [33mWARN: Box low's precision lowered by casting to float32, current low.dtype=float64[0m
  gym.logger.warn(
/mnt/data/nhatnc129/jepa/lewm_stage0/.venv/lib/python3.10/site-packages/gymnasium/spaces/box.py:297: UserWarning: [33mWARN: Box high's precision lowered by casting to float32, current high.dtype=float64[0m
  gym.logger.warn(
/mnt/data/nhatnc129/jepa/lewm_stage0/.venv/lib/python3.10/site-packages/gymnasium/spaces/box.py:231: UserWarning: [33mWARN: Box low's precision lowered by casting to float32, current low.dtype=float64[0m
  gym.logger.warn(
/mnt/data/nhatnc129/jepa/lewm_stage0/.venv/lib/python3.10/site-packages/gymnasium/spaces/box.py:297: UserWarning: [33mWARN: Box high's precision lowered by casting to float32, current high.dtype=float64[0m
  gym.logger.warn(
/mnt/data/nhatnc129/jepa/lewm_stage0/.venv/lib/python3.10/site-packages/gymnasium/spaces/box.py:231: UserWarning: [33mWARN: Box low's precision lowered by casting to float32, current low.dtype=float64[0m
  gym.logger.warn(
/mnt/data/nhatnc129/jepa/lewm_stage0/.venv/lib/python3.10/site-packages/gymnasium/spaces/box.py:297: UserWarning: [33mWARN: Box high's precision lowered by casting to float32, current high.dtype=float64[0m
  gym.logger.warn(
/mnt/data/nhatnc129/jepa/lewm_stage0/.venv/lib/python3.10/site-packages/gymnasium/spaces/box.py:231: UserWarning: [33mWARN: Box low's precision lowered by casting to float32, current low.dtype=float64[0m
  gym.logger.warn(
/mnt/data/nhatnc129/jepa/lewm_stage0/.venv/lib/python3.10/site-packages/gymnasium/spaces/box.py:297: UserWarning: [33mWARN: Box high's precision lowered by casting to float32, current high.dtype=float64[0m
  gym.logger.warn(
/mnt/data/nhatnc129/jepa/lewm_stage0/.venv/lib/python3.10/site-packages/gymnasium/spaces/box.py:231: UserWarning: [33mWARN: Box low's precision lowered by casting to float32, current low.dtype=float64[0m
  gym.logger.warn(
/mnt/data/nhatnc129/jepa/lewm_stage0/.venv/lib/python3.10/site-packages/gymnasium/spaces/box.py:297: UserWarning: [33mWARN: Box high's precision lowered by casting to float32, current high.dtype=float64[0m
  gym.logger.warn(
/mnt/data/nhatnc129/jepa/lewm_stage0/.venv/lib/python3.10/site-packages/gymnasium/spaces/box.py:231: UserWarning: [33mWARN: Box low's precision lowered by casting to float32, current low.dtype=float64[0m
  gym.logger.warn(
/mnt/data/nhatnc129/jepa/lewm_stage0/.venv/lib/python3.10/site-packages/gymnasium/spaces/box.py:297: UserWarning: [33mWARN: Box high's precision lowered by casting to float32, current high.dtype=float64[0m
  gym.logger.warn(
/mnt/data/nhatnc129/jepa/lewm_stage0/.venv/lib/python3.10/site-packages/gymnasium/spaces/box.py:231: UserWarning: [33mWARN: Box low's precision lowered by casting to float32, current low.dtype=float64[0m
  gym.logger.warn(
/mnt/data/nhatnc129/jepa/lewm_stage0/.venv/lib/python3.10/site-packages/gymnasium/spaces/box.py:297: UserWarning: [33mWARN: Box high's precision lowered by casting to float32, current high.dtype=float64[0m
  gym.logger.warn(
/mnt/data/nhatnc129/jepa/lewm_stage0/.venv/lib/python3.10/site-packages/gymnasium/spaces/box.py:231: UserWarning: [33mWARN: Box low's precision lowered by casting to float32, current low.dtype=float64[0m
  gym.logger.warn(
/mnt/data/nhatnc129/jepa/lewm_stage0/.venv/lib/python3.10/site-packages/gymnasium/spaces/box.py:297: UserWarning: [33mWARN: Box high's precision lowered by casting to float32, current high.dtype=float64[0m
  gym.logger.warn(
/mnt/data/nhatnc129/jepa/lewm_stage0/.venv/lib/python3.10/site-packages/gymnasium/spaces/box.py:231: UserWarning: [33mWARN: Box low's precision lowered by casting to float32, current low.dtype=float64[0m
  gym.logger.warn(
/mnt/data/nhatnc129/jepa/lewm_stage0/.venv/lib/python3.10/site-packages/gymnasium/spaces/box.py:297: UserWarning: [33mWARN: Box high's precision lowered by casting to float32, current high.dtype=float64[0m
  gym.logger.warn(
/mnt/data/nhatnc129/jepa/lewm_stage0/.venv/lib/python3.10/site-packages/gymnasium/spaces/box.py:231: UserWarning: [33mWARN: Box low's precision lowered by casting to float32, current low.dtype=float64[0m
  gym.logger.warn(
/mnt/data/nhatnc129/jepa/lewm_stage0/.venv/lib/python3.10/site-packages/gymnasium/spaces/box.py:297: UserWarning: [33mWARN: Box high's precision lowered by casting to float32, current high.dtype=float64[0m
  gym.logger.warn(
/mnt/data/nhatnc129/jepa/lewm_stage0/.venv/lib/python3.10/site-packages/gymnasium/spaces/box.py:231: UserWarning: [33mWARN: Box low's precision lowered by casting to float32, current low.dtype=float64[0m
  gym.logger.warn(
/mnt/data/nhatnc129/jepa/lewm_stage0/.venv/lib/python3.10/site-packages/gymnasium/spaces/box.py:297: UserWarning: [33mWARN: Box high's precision lowered by casting to float32, current high.dtype=float64[0m
  gym.logger.warn(
/mnt/data/nhatnc129/jepa/lewm_stage0/.venv/lib/python3.10/site-packages/gymnasium/spaces/box.py:231: UserWarning: [33mWARN: Box low's precision lowered by casting to float32, current low.dtype=float64[0m
  gym.logger.warn(
/mnt/data/nhatnc129/jepa/lewm_stage0/.venv/lib/python3.10/site-packages/gymnasium/spaces/box.py:297: UserWarning: [33mWARN: Box high's precision lowered by casting to float32, current high.dtype=float64[0m
  gym.logger.warn(
/mnt/data/nhatnc129/jepa/lewm_stage0/.venv/lib/python3.10/site-packages/gymnasium/spaces/box.py:231: UserWarning: [33mWARN: Box low's precision lowered by casting to float32, current low.dtype=float64[0m
  gym.logger.warn(
/mnt/data/nhatnc129/jepa/lewm_stage0/.venv/lib/python3.10/site-packages/gymnasium/spaces/box.py:297: UserWarning: [33mWARN: Box high's precision lowered by casting to float32, current high.dtype=float64[0m
  gym.logger.warn(
/mnt/data/nhatnc129/jepa/lewm_stage0/.venv/lib/python3.10/site-packages/gymnasium/spaces/box.py:231: UserWarning: [33mWARN: Box low's precision lowered by casting to float32, current low.dtype=float64[0m
  gym.logger.warn(
/mnt/data/nhatnc129/jepa/lewm_stage0/.venv/lib/python3.10/site-packages/gymnasium/spaces/box.py:297: UserWarning: [33mWARN: Box high's precision lowered by casting to float32, current high.dtype=float64[0m
  gym.logger.warn(
/mnt/data/nhatnc129/jepa/lewm_stage0/.venv/lib/python3.10/site-packages/gymnasium/spaces/box.py:231: UserWarning: [33mWARN: Box low's precision lowered by casting to float32, current low.dtype=float64[0m
  gym.logger.warn(
/mnt/data/nhatnc129/jepa/lewm_stage0/.venv/lib/python3.10/site-packages/gymnasium/spaces/box.py:297: UserWarning: [33mWARN: Box high's precision lowered by casting to float32, current high.dtype=float64[0m
  gym.logger.warn(
/mnt/data/nhatnc129/jepa/lewm_stage0/.venv/lib/python3.10/site-packages/gymnasium/spaces/box.py:231: UserWarning: [33mWARN: Box low's precision lowered by casting to float32, current low.dtype=float64[0m
  gym.logger.warn(
/mnt/data/nhatnc129/jepa/lewm_stage0/.venv/lib/python3.10/site-packages/gymnasium/spaces/box.py:297: UserWarning: [33mWARN: Box high's precision lowered by casting to float32, current high.dtype=float64[0m
  gym.logger.warn(
/mnt/data/nhatnc129/jepa/lewm_stage0/.venv/lib/python3.10/site-packages/gymnasium/spaces/box.py:231: UserWarning: [33mWARN: Box low's precision lowered by casting to float32, current low.dtype=float64[0m
  gym.logger.warn(
/mnt/data/nhatnc129/jepa/lewm_stage0/.venv/lib/python3.10/site-packages/gymnasium/spaces/box.py:297: UserWarning: [33mWARN: Box high's precision lowered by casting to float32, current high.dtype=float64[0m
  gym.logger.warn(
/mnt/data/nhatnc129/jepa/lewm_stage0/.venv/lib/python3.10/site-packages/gymnasium/spaces/box.py:231: UserWarning: [33mWARN: Box low's precision lowered by casting to float32, current low.dtype=float64[0m
  gym.logger.warn(
/mnt/data/nhatnc129/jepa/lewm_stage0/.venv/lib/python3.10/site-packages/gymnasium/spaces/box.py:297: UserWarning: [33mWARN: Box high's precision lowered by casting to float32, current high.dtype=float64[0m
  gym.logger.warn(
/mnt/data/nhatnc129/jepa/lewm_stage0/.venv/lib/python3.10/site-packages/gymnasium/spaces/box.py:231: UserWarning: [33mWARN: Box low's precision lowered by casting to float32, current low.dtype=float64[0m
  gym.logger.warn(
/mnt/data/nhatnc129/jepa/lewm_stage0/.venv/lib/python3.10/site-packages/gymnasium/spaces/box.py:297: UserWarning: [33mWARN: Box high's precision lowered by casting to float32, current high.dtype=float64[0m
  gym.logger.warn(
/mnt/data/nhatnc129/jepa/lewm_stage0/.venv/lib/python3.10/site-packages/gymnasium/spaces/box.py:231: UserWarning: [33mWARN: Box low's precision lowered by casting to float32, current low.dtype=float64[0m
  gym.logger.warn(
/mnt/data/nhatnc129/jepa/lewm_stage0/.venv/lib/python3.10/site-packages/gymnasium/spaces/box.py:297: UserWarning: [33mWARN: Box high's precision lowered by casting to float32, current high.dtype=float64[0m
  gym.logger.warn(
/mnt/data/nhatnc129/jepa/lewm_stage0/.venv/lib/python3.10/site-packages/gymnasium/spaces/box.py:231: UserWarning: [33mWARN: Box low's precision lowered by casting to float32, current low.dtype=float64[0m
  gym.logger.warn(
/mnt/data/nhatnc129/jepa/lewm_stage0/.venv/lib/python3.10/site-packages/gymnasium/spaces/box.py:297: UserWarning: [33mWARN: Box high's precision lowered by casting to float32, current high.dtype=float64[0m
  gym.logger.warn(
/mnt/data/nhatnc129/jepa/lewm_stage0/.venv/lib/python3.10/site-packages/gymnasium/spaces/box.py:231: UserWarning: [33mWARN: Box low's precision lowered by casting to float32, current low.dtype=float64[0m
  gym.logger.warn(
/mnt/data/nhatnc129/jepa/lewm_stage0/.venv/lib/python3.10/site-packages/gymnasium/spaces/box.py:297: UserWarning: [33mWARN: Box high's precision lowered by casting to float32, current high.dtype=float64[0m
  gym.logger.warn(
/mnt/data/nhatnc129/jepa/lewm_stage0/.venv/lib/python3.10/site-packages/gymnasium/spaces/box.py:231: UserWarning: [33mWARN: Box low's precision lowered by casting to float32, current low.dtype=float64[0m
  gym.logger.warn(
/mnt/data/nhatnc129/jepa/lewm_stage0/.venv/lib/python3.10/site-packages/gymnasium/spaces/box.py:297: UserWarning: [33mWARN: Box high's precision lowered by casting to float32, current high.dtype=float64[0m
  gym.logger.warn(
/mnt/data/nhatnc129/jepa/lewm_stage0/.venv/lib/python3.10/site-packages/gymnasium/spaces/box.py:231: UserWarning: [33mWARN: Box low's precision lowered by casting to float32, current low.dtype=float64[0m
  gym.logger.warn(
/mnt/data/nhatnc129/jepa/lewm_stage0/.venv/lib/python3.10/site-packages/gymnasium/spaces/box.py:297: UserWarning: [33mWARN: Box high's precision lowered by casting to float32, current high.dtype=float64[0m
  gym.logger.warn(
/mnt/data/nhatnc129/jepa/lewm_stage0/.venv/lib/python3.10/site-packages/gymnasium/spaces/box.py:231: UserWarning: [33mWARN: Box low's precision lowered by casting to float32, current low.dtype=float64[0m
  gym.logger.warn(
/mnt/data/nhatnc129/jepa/lewm_stage0/.venv/lib/python3.10/site-packages/gymnasium/spaces/box.py:297: UserWarning: [33mWARN: Box high's precision lowered by casting to float32, current high.dtype=float64[0m
  gym.logger.warn(
/mnt/data/nhatnc129/jepa/lewm_stage0/.venv/lib/python3.10/site-packages/lance/__init__.py:355: UserWarning: lance is not fork-safe. If you are using multiprocessing, use spawn or forkserver instead.
  warnings.warn(
/usr/lib/python3.10/subprocess.py:1796: RuntimeWarning: lancedb fork support is experimental: the internal async runtime has been reset in the forked child, but a small chance of deadlock remains if other state was mid-operation at fork time. The 'forkserver' or 'spawn' multiprocessing start method is likely a safer alternative.
  self.pid = _posixsubprocess.fork_exec(
/usr/lib/python3.10/subprocess.py:1796: RuntimeWarning: lancedb fork support is experimental: the internal async runtime has been reset in the forked child, but a small chance of deadlock remains if other state was mid-operation at fork time. The 'forkserver' or 'spawn' multiprocessing start method is likely a safer alternative.
  self.pid = _posixsubprocess.fork_exec(
/usr/lib/python3.10/subprocess.py:1796: RuntimeWarning: lancedb fork support is experimental: the internal async runtime has been reset in the forked child, but a small chance of deadlock remains if other state was mid-operation at fork time. The 'forkserver' or 'spawn' multiprocessing start method is likely a safer alternative.
  self.pid = _posixsubprocess.fork_exec(
/usr/lib/python3.10/subprocess.py:1796: RuntimeWarning: lancedb fork support is experimental: the internal async runtime has been reset in the forked child, but a small chance of deadlock remains if other state was mid-operation at fork time. The 'forkserver' or 'spawn' multiprocessing start method is likely a safer alternative.
  self.pid = _posixsubprocess.fork_exec(
/usr/lib/python3.10/subprocess.py:1796: RuntimeWarning: lancedb fork support is experimental: the internal async runtime has been reset in the forked child, but a small chance of deadlock remains if other state was mid-operation at fork time. The 'forkserver' or 'spawn' multiprocessing start method is likely a safer alternative.
  self.pid = _posixsubprocess.fork_exec(
/usr/lib/python3.10/subprocess.py:1796: RuntimeWarning: lancedb fork support is experimental: the internal async runtime has been reset in the forked child, but a small chance of deadlock remains if other state was mid-operation at fork time. The 'forkserver' or 'spawn' multiprocessing start method is likely a safer alternative.
  self.pid = _posixsubprocess.fork_exec(
/usr/lib/python3.10/subprocess.py:1796: RuntimeWarning: lancedb fork support is experimental: the internal async runtime has been reset in the forked child, but a small chance of deadlock remains if other state was mid-operation at fork time. The 'forkserver' or 'spawn' multiprocessing start method is likely a safer alternative.
  self.pid = _posixsubprocess.fork_exec(
/usr/lib/python3.10/subprocess.py:1796: RuntimeWarning: lancedb fork support is experimental: the internal async runtime has been reset in the forked child, but a small chance of deadlock remains if other state was mid-operation at fork time. The 'forkserver' or 'spawn' multiprocessing start method is likely a safer alternative.
  self.pid = _posixsubprocess.fork_exec(
/usr/lib/python3.10/subprocess.py:1796: RuntimeWarning: lancedb fork support is experimental: the internal async runtime has been reset in the forked child, but a small chance of deadlock remains if other state was mid-operation at fork time. The 'forkserver' or 'spawn' multiprocessing start method is likely a safer alternative.
  self.pid = _posixsubprocess.fork_exec(
/usr/lib/python3.10/subprocess.py:1796: RuntimeWarning: lancedb fork support is experimental: the internal async runtime has been reset in the forked child, but a small chance of deadlock remains if other state was mid-operation at fork time. The 'forkserver' or 'spawn' multiprocessing start method is likely a safer alternative.
  self.pid = _posixsubprocess.fork_exec(
/usr/lib/python3.10/subprocess.py:1796: RuntimeWarning: lancedb fork support is experimental: the internal async runtime has been reset in the forked child, but a small chance of deadlock remains if other state was mid-operation at fork time. The 'forkserver' or 'spawn' multiprocessing start method is likely a safer alternative.
  self.pid = _posixsubprocess.fork_exec(
/usr/lib/python3.10/subprocess.py:1796: RuntimeWarning: lancedb fork support is experimental: the internal async runtime has been reset in the forked child, but a small chance of deadlock remains if other state was mid-operation at fork time. The 'forkserver' or 'spawn' multiprocessing start method is likely a safer alternative.
  self.pid = _posixsubprocess.fork_exec(
/usr/lib/python3.10/subprocess.py:1796: RuntimeWarning: lancedb fork support is experimental: the internal async runtime has been reset in the forked child, but a small chance of deadlock remains if other state was mid-operation at fork time. The 'forkserver' or 'spawn' multiprocessing start method is likely a safer alternative.
  self.pid = _posixsubprocess.fork_exec(
/usr/lib/python3.10/subprocess.py:1796: RuntimeWarning: lancedb fork support is experimental: the internal async runtime has been reset in the forked child, but a small chance of deadlock remains if other state was mid-operation at fork time. The 'forkserver' or 'spawn' multiprocessing start method is likely a safer alternative.
  self.pid = _posixsubprocess.fork_exec(
/usr/lib/python3.10/subprocess.py:1796: RuntimeWarning: lancedb fork support is experimental: the internal async runtime has been reset in the forked child, but a small chance of deadlock remains if other state was mid-operation at fork time. The 'forkserver' or 'spawn' multiprocessing start method is likely a safer alternative.
  self.pid = _posixsubprocess.fork_exec(
/usr/lib/python3.10/subprocess.py:1796: RuntimeWarning: lancedb fork support is experimental: the internal async runtime has been reset in the forked child, but a small chance of deadlock remains if other state was mid-operation at fork time. The 'forkserver' or 'spawn' multiprocessing start method is likely a safer alternative.
  self.pid = _posixsubprocess.fork_exec(
/usr/lib/python3.10/subprocess.py:1796: RuntimeWarning: lancedb fork support is experimental: the internal async runtime has been reset in the forked child, but a small chance of deadlock remains if other state was mid-operation at fork time. The 'forkserver' or 'spawn' multiprocessing start method is likely a safer alternative.
  self.pid = _posixsubprocess.fork_exec(
/usr/lib/python3.10/subprocess.py:1796: RuntimeWarning: lancedb fork support is experimental: the internal async runtime has been reset in the forked child, but a small chance of deadlock remains if other state was mid-operation at fork time. The 'forkserver' or 'spawn' multiprocessing start method is likely a safer alternative.
  self.pid = _posixsubprocess.fork_exec(
/usr/lib/python3.10/subprocess.py:1796: RuntimeWarning: lancedb fork support is experimental: the internal async runtime has been reset in the forked child, but a small chance of deadlock remains if other state was mid-operation at fork time. The 'forkserver' or 'spawn' multiprocessing start method is likely a safer alternative.
  self.pid = _posixsubprocess.fork_exec(
/usr/lib/python3.10/subprocess.py:1796: RuntimeWarning: lancedb fork support is experimental: the internal async runtime has been reset in the forked child, but a small chance of deadlock remains if other state was mid-operation at fork time. The 'forkserver' or 'spawn' multiprocessing start method is likely a safer alternative.
  self.pid = _posixsubprocess.fork_exec(
/usr/lib/python3.10/subprocess.py:1796: RuntimeWarning: lancedb fork support is experimental: the internal async runtime has been reset in the forked child, but a small chance of deadlock remains if other state was mid-operation at fork time. The 'forkserver' or 'spawn' multiprocessing start method is likely a safer alternative.
  self.pid = _posixsubprocess.fork_exec(
/usr/lib/python3.10/subprocess.py:1796: RuntimeWarning: lancedb fork support is experimental: the internal async runtime has been reset in the forked child, but a small chance of deadlock remains if other state was mid-operation at fork time. The 'forkserver' or 'spawn' multiprocessing start method is likely a safer alternative.
  self.pid = _posixsubprocess.fork_exec(
/usr/lib/python3.10/subprocess.py:1796: RuntimeWarning: lancedb fork support is experimental: the internal async runtime has been reset in the forked child, but a small chance of deadlock remains if other state was mid-operation at fork time. The 'forkserver' or 'spawn' multiprocessing start method is likely a safer alternative.
  self.pid = _posixsubprocess.fork_exec(
/usr/lib/python3.10/subprocess.py:1796: RuntimeWarning: lancedb fork support is experimental: the internal async runtime has been reset in the forked child, but a small chance of deadlock remains if other state was mid-operation at fork time. The 'forkserver' or 'spawn' multiprocessing start method is likely a safer alternative.
  self.pid = _posixsubprocess.fork_exec(
/usr/lib/python3.10/subprocess.py:1796: RuntimeWarning: lancedb fork support is experimental: the internal async runtime has been reset in the forked child, but a small chance of deadlock remains if other state was mid-operation at fork time. The 'forkserver' or 'spawn' multiprocessing start method is likely a safer alternative.
  self.pid = _posixsubprocess.fork_exec(
/usr/lib/python3.10/subprocess.py:1796: RuntimeWarning: lancedb fork support is experimental: the internal async runtime has been reset in the forked child, but a small chance of deadlock remains if other state was mid-operation at fork time. The 'forkserver' or 'spawn' multiprocessing start method is likely a safer alternative.
  self.pid = _posixsubprocess.fork_exec(
/usr/lib/python3.10/subprocess.py:1796: RuntimeWarning: lancedb fork support is experimental: the internal async runtime has been reset in the forked child, but a small chance of deadlock remains if other state was mid-operation at fork time. The 'forkserver' or 'spawn' multiprocessing start method is likely a safer alternative.
  self.pid = _posixsubprocess.fork_exec(
/usr/lib/python3.10/subprocess.py:1796: RuntimeWarning: lancedb fork support is experimental: the internal async runtime has been reset in the forked child, but a small chance of deadlock remains if other state was mid-operation at fork time. The 'forkserver' or 'spawn' multiprocessing start method is likely a safer alternative.
  self.pid = _posixsubprocess.fork_exec(
/usr/lib/python3.10/subprocess.py:1796: RuntimeWarning: lancedb fork support is experimental: the internal async runtime has been reset in the forked child, but a small chance of deadlock remains if other state was mid-operation at fork time. The 'forkserver' or 'spawn' multiprocessing start method is likely a safer alternative.
  self.pid = _posixsubprocess.fork_exec(
/usr/lib/python3.10/subprocess.py:1796: RuntimeWarning: lancedb fork support is experimental: the internal async runtime has been reset in the forked child, but a small chance of deadlock remains if other state was mid-operation at fork time. The 'forkserver' or 'spawn' multiprocessing start method is likely a safer alternative.
  self.pid = _posixsubprocess.fork_exec(
/usr/lib/python3.10/subprocess.py:1796: RuntimeWarning: lancedb fork support is experimental: the internal async runtime has been reset in the forked child, but a small chance of deadlock remains if other state was mid-operation at fork time. The 'forkserver' or 'spawn' multiprocessing start method is likely a safer alternative.
  self.pid = _posixsubprocess.fork_exec(
/usr/lib/python3.10/subprocess.py:1796: RuntimeWarning: lancedb fork support is experimental: the internal async runtime has been reset in the forked child, but a small chance of deadlock remains if other state was mid-operation at fork time. The 'forkserver' or 'spawn' multiprocessing start method is likely a safer alternative.
  self.pid = _posixsubprocess.fork_exec(
/usr/lib/python3.10/subprocess.py:1796: RuntimeWarning: lancedb fork support is experimental: the internal async runtime has been reset in the forked child, but a small chance of deadlock remains if other state was mid-operation at fork time. The 'forkserver' or 'spawn' multiprocessing start method is likely a safer alternative.
  self.pid = _posixsubprocess.fork_exec(
/usr/lib/python3.10/subprocess.py:1796: RuntimeWarning: lancedb fork support is experimental: the internal async runtime has been reset in the forked child, but a small chance of deadlock remains if other state was mid-operation at fork time. The 'forkserver' or 'spawn' multiprocessing start method is likely a safer alternative.
  self.pid = _posixsubprocess.fork_exec(
/usr/lib/python3.10/subprocess.py:1796: RuntimeWarning: lancedb fork support is experimental: the internal async runtime has been reset in the forked child, but a small chance of deadlock remains if other state was mid-operation at fork time. The 'forkserver' or 'spawn' multiprocessing start method is likely a safer alternative.
  self.pid = _posixsubprocess.fork_exec(
/usr/lib/python3.10/subprocess.py:1796: RuntimeWarning: lancedb fork support is experimental: the internal async runtime has been reset in the forked child, but a small chance of deadlock remains if other state was mid-operation at fork time. The 'forkserver' or 'spawn' multiprocessing start method is likely a safer alternative.
  self.pid = _posixsubprocess.fork_exec(
/usr/lib/python3.10/subprocess.py:1796: RuntimeWarning: lancedb fork support is experimental: the internal async runtime has been reset in the forked child, but a small chance of deadlock remains if other state was mid-operation at fork time. The 'forkserver' or 'spawn' multiprocessing start method is likely a safer alternative.
  self.pid = _posixsubprocess.fork_exec(
/usr/lib/python3.10/subprocess.py:1796: RuntimeWarning: lancedb fork support is experimental: the internal async runtime has been reset in the forked child, but a small chance of deadlock remains if other state was mid-operation at fork time. The 'forkserver' or 'spawn' multiprocessing start method is likely a safer alternative.
  self.pid = _posixsubprocess.fork_exec(
/usr/lib/python3.10/subprocess.py:1796: RuntimeWarning: lancedb fork support is experimental: the internal async runtime has been reset in the forked child, but a small chance of deadlock remains if other state was mid-operation at fork time. The 'forkserver' or 'spawn' multiprocessing start method is likely a safer alternative.
  self.pid = _posixsubprocess.fork_exec(
/usr/lib/python3.10/subprocess.py:1796: RuntimeWarning: lancedb fork support is experimental: the internal async runtime has been reset in the forked child, but a small chance of deadlock remains if other state was mid-operation at fork time. The 'forkserver' or 'spawn' multiprocessing start method is likely a safer alternative.
  self.pid = _posixsubprocess.fork_exec(
/usr/lib/python3.10/subprocess.py:1796: RuntimeWarning: lancedb fork support is experimental: the internal async runtime has been reset in the forked child, but a small chance of deadlock remains if other state was mid-operation at fork time. The 'forkserver' or 'spawn' multiprocessing start method is likely a safer alternative.
  self.pid = _posixsubprocess.fork_exec(
/usr/lib/python3.10/subprocess.py:1796: RuntimeWarning: lancedb fork support is experimental: the internal async runtime has been reset in the forked child, but a small chance of deadlock remains if other state was mid-operation at fork time. The 'forkserver' or 'spawn' multiprocessing start method is likely a safer alternative.
  self.pid = _posixsubprocess.fork_exec(
/usr/lib/python3.10/subprocess.py:1796: RuntimeWarning: lancedb fork support is experimental: the internal async runtime has been reset in the forked child, but a small chance of deadlock remains if other state was mid-operation at fork time. The 'forkserver' or 'spawn' multiprocessing start method is likely a safer alternative.
  self.pid = _posixsubprocess.fork_exec(
/usr/lib/python3.10/subprocess.py:1796: RuntimeWarning: lancedb fork support is experimental: the internal async runtime has been reset in the forked child, but a small chance of deadlock remains if other state was mid-operation at fork time. The 'forkserver' or 'spawn' multiprocessing start method is likely a safer alternative.
  self.pid = _posixsubprocess.fork_exec(
/usr/lib/python3.10/subprocess.py:1796: RuntimeWarning: lancedb fork support is experimental: the internal async runtime has been reset in the forked child, but a small chance of deadlock remains if other state was mid-operation at fork time. The 'forkserver' or 'spawn' multiprocessing start method is likely a safer alternative.
  self.pid = _posixsubprocess.fork_exec(
/usr/lib/python3.10/subprocess.py:1796: RuntimeWarning: lancedb fork support is experimental: the internal async runtime has been reset in the forked child, but a small chance of deadlock remains if other state was mid-operation at fork time. The 'forkserver' or 'spawn' multiprocessing start method is likely a safer alternative.
  self.pid = _posixsubprocess.fork_exec(
/usr/lib/python3.10/subprocess.py:1796: RuntimeWarning: lancedb fork support is experimental: the internal async runtime has been reset in the forked child, but a small chance of deadlock remains if other state was mid-operation at fork time. The 'forkserver' or 'spawn' multiprocessing start method is likely a safer alternative.
  self.pid = _posixsubprocess.fork_exec(
/usr/lib/python3.10/subprocess.py:1796: RuntimeWarning: lancedb fork support is experimental: the internal async runtime has been reset in the forked child, but a small chance of deadlock remains if other state was mid-operation at fork time. The 'forkserver' or 'spawn' multiprocessing start method is likely a safer alternative.
  self.pid = _posixsubprocess.fork_exec(
/usr/lib/python3.10/subprocess.py:1796: RuntimeWarning: lancedb fork support is experimental: the internal async runtime has been reset in the forked child, but a small chance of deadlock remains if other state was mid-operation at fork time. The 'forkserver' or 'spawn' multiprocessing start method is likely a safer alternative.
  self.pid = _posixsubprocess.fork_exec(
/usr/lib/python3.10/subprocess.py:1796: RuntimeWarning: lancedb fork support is experimental: the internal async runtime has been reset in the forked child, but a small chance of deadlock remains if other state was mid-operation at fork time. The 'forkserver' or 'spawn' multiprocessing start method is likely a safer alternative.
  self.pid = _posixsubprocess.fork_exec(
1760000 valid starting points found for evaluation.
[   9339   41660   47124   57095  100580  128059  174101  239286  249130
  259724  267236  374822  462100  478795  533021  548256  646736  739182
  757889  764239  766937  791573  839096  846699  857343  937289  987887
  991790 1017678 1043629 1153610 1205810 1241326 1251449 1269152 1282649
 1315313 1485908 1529130 1539699 1584045 1643050 1692170 1730812 1869150
 1878489 1897089 1913983 1975367 1983235]
[eval] saving videos to /mnt/data/nhatnc129/jepa/lewm_stage0/checkpoints (one env_{i}.mp4 per env)
CEM solve time: 29.1126 seconds
CEM solve time: 11.5228 seconds
{'success_rate': 60.0, 'episode_successes': array([ True,  True,  True, False,  True, False, False, False,  True,
       False, False,  True,  True, False,  True,  True, False, False,
        True,  True, False, False,  True,  True,  True, False,  True,
        True, False, False,  True, False,  True, False,  True,  True,
        True, False,  True, False,  True,  True,  True,  True, False,
        True, False,  True,  True,  True]), 'seeds': None}
[eval] videos saved to /mnt/data/nhatnc129/jepa/lewm_stage0/checkpoints
